<?xml version="1.0" encoding="utf-8"?><testsuite errors="0" failures="0" name="pytest" skips="0" tests="5" time="0.109"><testcase classname="test_calc.TestCalc" file="test_calc.py" line="15" name="test_add_floats" time="0.000623941421509"></testcase><testcase classname="test_calc.TestCalc" file="test_calc.py" line="8" name="test_add_integers" time="0.000224113464355"></testcase><testcase classname="test_calc.TestCalc" file="test_calc.py" line="30" name="test_add_string_and_integer" time="0.000460863113403"></testcase><testcase classname="test_calc.TestCalc" file="test_calc.py" line="38" name="test_add_string_and_number" time="0.000215768814087"></testcase><testcase classname="test_calc.TestCalc" file="test_calc.py" line="22" name="test_add_strings" time="0.000220060348511"></testcase></testsuite>